ilya@Ilya-linux:~$ sudo service mysql start
ilya@Ilya-linux:~$ mysql -u root -p
Enter password: 
ERROR 1698 (28000): Access denied for user 'root'@'localhost'
ilya@Ilya-linux:~$ mysql -u root -p
Enter password: 
ERROR 1698 (28000): Access denied for user 'root'@'localhost'
ilya@Ilya-linux:~$ sudo mysql -u root
Welcome to the MySQL monitor.  Commands end with ; or \g.
Your MySQL connection id is 13
Server version: 8.0.35-0ubuntu0.22.04.1 (Ubuntu)

Copyright (c) 2000, 2023, Oracle and/or its affiliates.

Oracle is a registered trademark of Oracle Corporation and/or its
affiliates. Other names may be trademarks of their respective
owners.

Type 'help;' or '\h' for help. Type '\c' to clear the current input statement.

mysql> ALTER USER 'root'@'localhost' IDENTIFIED WITH mysql_native_password BY '1';
Query OK, 0 rows affected (0,04 sec)

mysql> FLUSH PRIVILEGES;
Query OK, 0 rows affected (0,02 sec)

mysql> mysql -u root -p
    -> 1
    -> 
    -> ^DBye
ilya@Ilya-linux:~$ sudo service mysql start
ilya@Ilya-linux:~$ mysql -u root -p
Enter password: 
Welcome to the MySQL monitor.  Commands end with ; or \g.
Your MySQL connection id is 14
Server version: 8.0.35-0ubuntu0.22.04.1 (Ubuntu)

Copyright (c) 2000, 2023, Oracle and/or its affiliates.

Oracle is a registered trademark of Oracle Corporation and/or its
affiliates. Other names may be trademarks of their respective
owners.

Type 'help;' or '\h' for help. Type '\c' to clear the current input statement.

mysql> CREATE DATABASE Друзья_человека;
Query OK, 1 row affected (0,05 sec)

mysql> SHOW DATABASES;
+-------------------------------+
| Database                      |
+-------------------------------+
| information_schema            |
| mysql                         |
| performance_schema            |
| sys                           |
| Друзья_человека               |
+-------------------------------+
5 rows in set (0,04 sec)

mysql> CREATE TABLE Животные (
    ->        id INT PRIMARY KEY AUTOINCREMENT,
    ->        имя VARCHAR(255),
    ->        датарождения DATE
    ->    );
ERROR 1064 (42000): You have an error in your SQL syntax; check the manual that corresponds to your MySQL server version for the right syntax to use near 'AUTOINCREMENT,
       имя VARCHAR(255),
       датарождения DATE
' at line 2
mysql> CREATE TABLE Животные (id INT PRIMARY KEY AUTOINCREMENT,имя VARCHAR(255),датарождения DATE);
ERROR 1064 (42000): You have an error in your SQL syntax; check the manual that corresponds to your MySQL server version for the right syntax to use near 'AUTOINCREMENT,имя VARCHAR(255),датарождения DATE)' at line 1
mysql> CREATE TABLE Животные (id INT PRIMARY KEY AUTOINCREMENT, имя VARCHAR(255), датарождения DATE)
;
ERROR 1064 (42000): You have an error in your SQL syntax; check the manual that corresponds to your MySQL server version for the right syntax to use near 'AUTOINCREMENT, имя VARCHAR(255), датарождения DATE)' at line 1
mysql> CREATE TABLE Животные (
    ->    id INT PRIMARY KEY AUTO_INCREMENT,
    ->    имя VARCHAR(255),
    ->    датарождения DATE
    -> );
ERROR 1046 (3D000): No database selected
mysql> 
mysql> mysql> CREATE TABLE Животные (
    ->     ->    id INT PRIMARY KEY AUTO_INCREMENT,
    ->     ->    имя VARCHAR(255),
    ->     ->    датарождения DATE
    ->     -> );
ERROR 1064 (42000): You have an error in your SQL syntax; check the manual that corresponds to your MySQL server version for the right syntax to use near 'mysql> CREATE TABLE Животные (
    ->    id INT PRIMARY KEY AUTO_INCREME' at line 1
mysql> ERROR 1046 (3D000): No database selected
    -> 
    -> ^DBye
ilya@Ilya-linux:~$ mysql -u root -p
Enter password: 
Welcome to the MySQL monitor.  Commands end with ; or \g.
Your MySQL connection id is 15
Server version: 8.0.35-0ubuntu0.22.04.1 (Ubuntu)

Copyright (c) 2000, 2023, Oracle and/or its affiliates.

Oracle is a registered trademark of Oracle Corporation and/or its
affiliates. Other names may be trademarks of their respective
owners.

Type 'help;' or '\h' for help. Type '\c' to clear the current input statement.

mysql> SHOW DATABASES;
+-------------------------------+
| Database                      |
+-------------------------------+
| information_schema            |
| mysql                         |
| performance_schema            |
| sys                           |
| Друзья_человека               |
+-------------------------------+
5 rows in set (0,00 sec)

mysql> USE Друзья_человека;
Database changed
mysql> CREATE TABLE Животные (
    ->    id INT PRIMARY KEY AUTO_INCREMENT,
    ->    имя VARCHAR(255),
    ->    датарождения DATE
    -> );
Query OK, 0 rows affected (0,08 sec)

mysql>    CREATE TABLE Pet (
    ->        id INT PRIMARY KEY AUTO_INCREMENT,
    ->        уровень_эмпатии INT,
    ->        animal_id INT,
    ->        FOREIGN KEY (animal_id) REFERENCES Животные(id)
    ->    );
Query OK, 0 rows affected (0,05 sec)

mysql>       CREATE TABLE Собака (
    ->        id INT PRIMARY KEY AUTO_INCREMENT,
    ->        порода VARCHAR(255),
    ->        выполняемые_команды VARCHAR(255),
    ->        pet_id INT,
    ->        FOREIGN KEY (pet_id) REFERENCES Pet(id)
    ->    );
Query OK, 0 rows affected (0,05 sec)

mysql>    CREATE TABLE Кот (
    ->        id INT PRIMARY KEY AUTO_INCREMENT,
    ->        порода VARCHAR(255),
    ->        наличие_шерсти BOOLEAN,
    ->        pet_id INT,
    ->        FOREIGN KEY (pet_id) REFERENCES Pet(id)
    ->    );
Query OK, 0 rows affected (0,09 sec)

mysql>    CREATE TABLE Хомяк (
    ->        id INT PRIMARY KEY AUTO_INCREMENT,
    ->        порода VARCHAR(255),
    ->        пугливость BOOLEAN,
    ->        pet_id INT,
    ->        FOREIGN KEY (pet_id) REFERENCES Pet(id)
    ->    );
Query OK, 0 rows affected (0,08 sec)

mysql>    CREATE TABLE Packanimal (
    ->        id INT PRIMARY KEY AUTOINCREMENT,
    ->        грузоподъемность INT,
    ->        petid INT,
    ->        FOREIGN KEY (petid) REFERENCES Pet(id)
    ->    );
ERROR 1064 (42000): You have an error in your SQL syntax; check the manual that corresponds to your MySQL server version for the right syntax to use near 'AUTOINCREMENT,
       грузоподъемность INT,
       petid INT,
  ' at line 2
mysql> CREATE TABLE Packanimal (
    ->     id INT PRIMARY KEY AUTO_INCREMENT,
    ->     грузоподъемность INT,
    ->     petid INT,
    ->     FOREIGN KEY (petid) REFERENCES Pet(id)
    -> );
Query OK, 0 rows affected (0,10 sec)

mysql>    CREATE TABLE Лошадь (
    ->        id INT PRIMARY KEY AUTO_INCREMENT,
    ->        порода VARCHAR(255),
    ->        скорость INT,
    ->        pack_animal_id INT,
    ->        FOREIGN KEY (pack_animal_id) REFERENCES Pack_animal(id)
    ->    );
ERROR 1824 (HY000): Failed to open the referenced table 'Pack_animal'
mysql>    CREATE TABLE Верблюд (
    ->        id INT PRIMARY KEY AUTO_INCREMENT,
    ->        порода VARCHAR(255),
    ->        количество_горбов INT,
    ->        pack_animal_id INT,
    ->        FOREIGN KEY (pack_animal_id) REFERENCES Pack_animal(id)
    ->    );
ERROR 1824 (HY000): Failed to open the referenced table 'Pack_animal'
mysql>    CREATE TABLE Осел (
    ->        id INT PRIMARY KEY AUTO_INCREMENT,
    ->        порода VARCHAR(255),
    ->        упрямость BOOLEAN,
    ->        pack_animal_id INT,
    ->        FOREIGN KEY (pack_animal_id) REFERENCES Pack_animal(id)
    ->    );
ERROR 1824 (HY000): Failed to open the referenced table 'Pack_animal'
mysql>    CREATE TABLE Pack_animal (
    ->     id INT PRIMARY KEY AUTO_INCREMENT,
    ->     грузоподъемность INT,
    ->     pet_id INT,
    ->     FOREIGN KEY (pet_id) REFERENCES Pet(id)
    -> );
Query OK, 0 rows affected (0,10 sec)

mysql>    CREATE TABLE Лошадь (
    ->        id INT PRIMARY KEY AUTO_INCREMENT,
    ->        порода VARCHAR(255),
    ->        скорость INT,
    ->        pack_animal_id INT,
    ->        FOREIGN KEY (pack_animal_id) REFERENCES Pack_animal(id)
    ->    );
Query OK, 0 rows affected (0,07 sec)

mysql>    CREATE TABLE Верблюд (
    ->        id INT PRIMARY KEY AUTO_INCREMENT,
    ->        порода VARCHAR(255),
    ->        количество_горбов INT,
    ->        pack_animal_id INT,
    ->        FOREIGN KEY (pack_animal_id) REFERENCES Pack_animal(id)
    ->    );
Query OK, 0 rows affected (0,08 sec)

mysql>    CREATE TABLE Осел (
    ->        id INT PRIMARY KEY AUTO_INCREMENT,
    ->        порода VARCHAR(255),
    ->        упрямость BOOLEAN,
    ->        pack_animal_id INT,
    ->        FOREIGN KEY (pack_animal_id) REFERENCES Pack_animal(id)
    ->    );
Query OK, 0 rows affected (0,08 sec)

mysql>    SHOW TABLES;
+-----------------------------------------+
| Tables_in_Друзья_человека               |
+-----------------------------------------+
| Pack_animal                             |
| Packanimal                              |
| Pet                                     |
| Верблюд                                 |
| Животные                                |
| Кот                                     |
| Лошадь                                  |
| Осел                                    |
| Собака                                  |
| Хомяк                                   |
+-----------------------------------------+
10 rows in set (0,00 sec)

mysql> SHOW COLUMNS;
ERROR 1064 (42000): You have an error in your SQL syntax; check the manual that corresponds to your MySQL server version for the right syntax to use near '' at line 1
mysql> DESCRIBE Животные;
+--------------------------+--------------+------+-----+---------+----------------+
| Field                    | Type         | Null | Key | Default | Extra          |
+--------------------------+--------------+------+-----+---------+----------------+
| id                       | int          | NO   | PRI | NULL    | auto_increment |
| имя                      | varchar(255) | YES  |     | NULL    |                |
| датарождения             | date         | YES  |     | NULL    |                |
+--------------------------+--------------+------+-----+---------+----------------+
3 rows in set (0,03 sec)

mysql> SHOW CREATE TABLE Кот;
+--------+-----------------------------------------------------------------------------------------------------------------------------------------------------------------------------------------------------------------------------------------------------------------------------------------------------------------------------------------------------------------------------------------------+
| Table  | Create Table                                                                                                                                                                                                                                                                                                                                                                                  |
+--------+-----------------------------------------------------------------------------------------------------------------------------------------------------------------------------------------------------------------------------------------------------------------------------------------------------------------------------------------------------------------------------------------------+
| Кот    | CREATE TABLE `Кот` (
  `id` int NOT NULL AUTO_INCREMENT,
  `порода` varchar(255) DEFAULT NULL,
  `наличие_шерсти` tinyint(1) DEFAULT NULL,
  `pet_id` int DEFAULT NULL,
  PRIMARY KEY (`id`),
  KEY `pet_id` (`pet_id`),
  CONSTRAINT `Кот_ibfk_1` FOREIGN KEY (`pet_id`) REFERENCES `Pet` (`id`)
) ENGINE=InnoDB DEFAULT CHARSET=utf8mb4 COLLATE=utf8mb4_0900_ai_ci                          |
+--------+-----------------------------------------------------------------------------------------------------------------------------------------------------------------------------------------------------------------------------------------------------------------------------------------------------------------------------------------------------------------------------------------------+
1 row in set (0,00 sec)

mysql> SHOW CREATE TABLE Pet;
+-------+-----------------------------------------------------------------------------------------------------------------------------------------------------------------------------------------------------------------------------------------------------------------------------------------------------------------------------------------------------------------+
| Table | Create Table                                                                                                                                                                                                                                                                                                                                                    |
+-------+-----------------------------------------------------------------------------------------------------------------------------------------------------------------------------------------------------------------------------------------------------------------------------------------------------------------------------------------------------------------+
| Pet   | CREATE TABLE `Pet` (
  `id` int NOT NULL AUTO_INCREMENT,
  `уровень_эмпатии` int DEFAULT NULL,
  `animal_id` int DEFAULT NULL,
  PRIMARY KEY (`id`),
  KEY `animal_id` (`animal_id`),
  CONSTRAINT `Pet_ibfk_1` FOREIGN KEY (`animal_id`) REFERENCES `Животные` (`id`)
) ENGINE=InnoDB DEFAULT CHARSET=utf8mb4 COLLATE=utf8mb4_0900_ai_ci                       |
+-------+-----------------------------------------------------------------------------------------------------------------------------------------------------------------------------------------------------------------------------------------------------------------------------------------------------------------------------------------------------------------+
1 row in set (0,00 sec)

mysql> SHOW CREATE TABLE Животные;
+------------------+-----------------------------------------------------------------------------------------------------------------------------------------------------------------------------------------------------------------------------------------------------+
| Table            | Create Table                                                                                                                                                                                                                                        |
+------------------+-----------------------------------------------------------------------------------------------------------------------------------------------------------------------------------------------------------------------------------------------------+
| Животные         | CREATE TABLE `Животные` (
  `id` int NOT NULL AUTO_INCREMENT,
  `имя` varchar(255) DEFAULT NULL,
  `датарождения` date DEFAULT NULL,
  PRIMARY KEY (`id`)
) ENGINE=InnoDB DEFAULT CHARSET=utf8mb4 COLLATE=utf8mb4_0900_ai_ci                        |
+------------------+-----------------------------------------------------------------------------------------------------------------------------------------------------------------------------------------------------------------------------------------------------+
1 row in set (0,00 sec)

mysql> ^C
mysql>    SHOW TABLES;
+-----------------------------------------+
| Tables_in_Друзья_человека               |
+-----------------------------------------+
| Pack_animal                             |
| Packanimal                              |
| Pet                                     |
| Верблюд                                 |
| Животные                                |
| Кот                                     |
| Лошадь                                  |
| Осел                                    |
| Собака                                  |
| Хомяк                                   |
+-----------------------------------------+
10 rows in set (0,00 sec)

mysql> DESCRIBE Животные;
+--------------------------+--------------+------+-----+---------+----------------+
| Field                    | Type         | Null | Key | Default | Extra          |
+--------------------------+--------------+------+-----+---------+----------------+
| id                       | int          | NO   | PRI | NULL    | auto_increment |
| имя                      | varchar(255) | YES  |     | NULL    |                |
| датарождения             | date         | YES  |     | NULL    |                |
+--------------------------+--------------+------+-----+---------+----------------+
3 rows in set (0,01 sec)

mysql> DESCRIBE Pet;
+-------------------------------+------+------+-----+---------+----------------+
| Field                         | Type | Null | Key | Default | Extra          |
+-------------------------------+------+------+-----+---------+----------------+
| id                            | int  | NO   | PRI | NULL    | auto_increment |
| уровень_эмпатии               | int  | YES  |     | NULL    |                |
| animal_id                     | int  | YES  | MUL | NULL    |                |
+-------------------------------+------+------+-----+---------+----------------+
3 rows in set (0,00 sec)

mysql> DESCRIBE Packanimal;
+----------------------------------+------+------+-----+---------+----------------+
| Field                            | Type | Null | Key | Default | Extra          |
+----------------------------------+------+------+-----+---------+----------------+
| id                               | int  | NO   | PRI | NULL    | auto_increment |
| грузоподъемность                 | int  | YES  |     | NULL    |                |
| petid                            | int  | YES  | MUL | NULL    |                |
+----------------------------------+------+------+-----+---------+----------------+
3 rows in set (0,00 sec)

mysql> 
